// Jest Snapshot v1, https://goo.gl/fbAQLP

exports[`renders Calculator correctly 1`] = `
<div
  className="mainContainer"
>
  <div
    className="displayscreen-count-section"
  >
    <span
      className="input-screen"
    >
      0
    </span>
  </div>
  <div
    className="allNumbers"
  >
    <button
      className="btn btn-primary"
      onClick={[Function]}
      type="button"
    >
      7
    </button>
    <button
      className="btn btn-primary"
      onClick={[Function]}
      type="button"
    >
      8
    </button>
    <button
      className="btn btn-primary"
      onClick={[Function]}
      type="button"
    >
      9
    </button>
    <button
      className="btn btn-primary"
      onClick={[Function]}
      type="button"
    >
      4
    </button>
    <button
      className="btn btn-primary"
      onClick={[Function]}
      type="button"
    >
      5
    </button>
    <button
      className="btn btn-primary"
      onClick={[Function]}
      type="button"
    >
      6
    </button>
    <button
      className="btn btn-primary"
      onClick={[Function]}
      type="button"
    >
      1
    </button>
    <button
      className="btn btn-primary"
      onClick={[Function]}
      type="button"
    >
      2
    </button>
    <button
      className="btn btn-primary"
      onClick={[Function]}
      type="button"
    >
      3
    </button>
    <button
      className="btn btn-primary col-span-2"
      onClick={[Function]}
      type="button"
    >
      0
    </button>
    <button
      className="btn btn-primary"
      onClick={[Function]}
      type="button"
    >
      .
    </button>
  </div>
  <button
    className="btn btn-top"
    onClick={[Function]}
    type="button"
  >
    AC
  </button>
  <button
    className="btn btn-top"
    onClick={[Function]}
    type="button"
  >
    +/-
  </button>
  <button
    className="btn btn-top"
    onClick={[Function]}
    type="button"
  >
    %
  </button>
  <button
    className="btn btn-side"
    onClick={[Function]}
    type="button"
  >
    รท
  </button>
  <button
    className="btn btn-side"
    onClick={[Function]}
    type="button"
  >
    x
  </button>
  <button
    className="btn btn-side"
    onClick={[Function]}
    type="button"
  >
    -
  </button>
  <button
    className="btn btn-side"
    onClick={[Function]}
    type="button"
  >
    +
  </button>
  <button
    className="btn btn-side"
    onClick={[Function]}
    type="button"
  >
    =
  </button>
</div>
`;
